{"name":"Banana","pathName":"banana","sources":["/Users/lilith/projects/Emerald-Templates/test/createProject/templates/gems"]}
